C51 COMPILER V9.01   MAIN                                                                  04/20/2017 22:55:12 PAGE 1   


C51 COMPILER V9.01, COMPILATION OF MODULE MAIN
OBJECT MODULE PLACED IN main.OBJ
COMPILER INVOKED BY: C:\Keil\C51\BIN\C51.EXE main.c BROWSE DEBUG OBJECTEXTEND

line level    source

   1          /**************************************************************************************
   2          *                             EEPROM-IIC实验                                                                                              *
   3          实现现象：下载程序后数码管后4位显示0，按K1保存显示的数据，按K2读取上次保存的数据，
   4                            按K3显示数据加一，按K4显示数据清零。最大能写入的数据是255.
   5          注意事项：由于P3.2口跟红外线共用，所以做按键实验时为了不让红外线影响实验效果，最好把红外线先取下来。                                            
             -                                                                                                                  
   6          ***************************************************************************************/
   7          
   8          #include "reg52.h"                       //此文件中定义了单片机的一些特殊功能寄存器
   9                  
  10          
  11          typedef unsigned int u16;         //对数据类型进行声明定义
  12          typedef unsigned char u8;
  13          
  14          sbit LSA=P2^2;
  15          sbit LSB=P2^3;
  16          sbit LSC=P2^4;
  17          
  18                   //定义按键端口
  19          
  20          char num=0;
  21          u8 disp[4];
  22          u8 code smgduan[10]={0x3f,0x06,0x5b,0x4f,0x66,0x6d,0x7d,0x07,0x7f,0x6f};
  23          
  24          /*******************************************************************************
  25          * 函 数 名         : delay
  26          * 函数功能                 : 延时函数，i=1时，大约延时10us
  27          *******************************************************************************/
  28          void delay(u16 i)
  29          {
  30   1              while(i--);     
  31   1      }
  32          
  33          
  34          /*******************************************************************************
  35          * 函数名         :Keypros()
  36          * 函数功能               :按键处理函数
  37          * 输入           : 无
  38          * 输出           : 无
  39          *******************************************************************************/
  40          
  41          
  42          /*******************************************************************************
  43          * 函数名         :datapros()
  44          * 函数功能               :数据处理函数
  45          * 输入           : 无
  46          * 输出           : 无
  47          *******************************************************************************/
  48          void datapros(int temp)
  49          {
  50   1              float tp;
  51   1              if(temp < 0)
  52   1              {
  53   2                      disp[0] = 0x40;
  54   2      
C51 COMPILER V9.01   MAIN                                                                  04/20/2017 22:55:12 PAGE 2   

  55   2                      temp = temp - 1;
  56   2                      temp = ~temp;
  57   2                      tp = temp;
  58   2                      temp = tp*0.0625*100+0.5;
  59   2              }
  60   1              disp[0]=smgduan[num/1000];//千位
  61   1              disp[1]=smgduan[num%1000/100];//百位
  62   1              disp[2]=smgduan[num%1000%100/10];//个位
  63   1              disp[3]=smgduan[num%1000%100%10];               
  64   1      }
  65          
  66          
  67          /*******************************************************************************
  68          * 函数名         :DigDisplay()
  69          * 函数功能               :数码管显示函数
  70          * 输入           : 无
  71          * 输出           : 无
  72          *******************************************************************************/
  73          void DigDisplay()
  74          {
  75   1              u8 i;
  76   1              for(i=0;i<4;i++)
  77   1              {
  78   2                      switch(i)        //位选，选择点亮的数码管，
  79   2                      {
  80   3                              case(0):
  81   3                                      LSA=0;LSB=0;LSC=0; break;//显示第0位
  82   3                              case(1):
  83   3                                      LSA=1;LSB=0;LSC=0; break;//显示第1位
  84   3                              case(2):
  85   3                                      LSA=0;LSB=1;LSC=0; break;//显示第2位
  86   3                              case(3):
  87   3                                      LSA=1;LSB=1;LSC=0; break;//显示第3位    
  88   3                      }
  89   2                      P0=disp[3-i];//发送数据
  90   2                      delay(100); //间隔一段时间扫描  
  91   2                      P0=0x00;//消隐
  92   2              }               
  93   1      }
  94          
  95          /*******************************************************************************
  96          * 函 数 名       : main
  97          * 函数功能               : 主函数
  98          * 输    入       : 无
  99          * 输    出       : 无
 100          *******************************************************************************/
 101          void main()
 102          {       
 103   1              while(1)
 104   1              {
 105   2                      
 106   2                      datapros();      //数据处理函数
*** WARNING C209 IN LINE 106 OF MAIN.C: '_datapros': too few actual parameters
 107   2                      DigDisplay();//数码管显示函数           
 108   2              }               
 109   1      }
 110          


MODULE INFORMATION:   STATIC OVERLAYABLE
   CODE SIZE        =    287    ----
   CONSTANT SIZE    =     10    ----
C51 COMPILER V9.01   MAIN                                                                  04/20/2017 22:55:12 PAGE 3   

   XDATA SIZE       =   ----    ----
   PDATA SIZE       =   ----    ----
   DATA SIZE        =      5       4
   IDATA SIZE       =   ----    ----
   BIT SIZE         =   ----    ----
END OF MODULE INFORMATION.


C51 COMPILATION COMPLETE.  1 WARNING(S),  0 ERROR(S)
